Cart is empty.
Rose: 100 available
Collect successful.
1. Rose: 10
Delete successful.
Rose: 100 available
Collect successful.
===Receipt===
1. Rose: 10
===Inventory===
Rose: 90 available
Tulip: 100 available
Sunflower: 100 available
Lily: 100 available
Daisy: 100 available
Orchid: 100 available
Peony: 100 available
Carnation: 100 available
