Peony: 100 available
Please enter a legal number.
Peony: 100 available
Please enter a legal number.
Peony: 100 available
Collect successful.
1. Peony: 10
Out of range.
Tulip: 100 available
Collect successful.
===Receipt===
1. Peony: 10
2. Tulip: 20
===Inventory===
Rose: 100 available
Tulip: 80 available
Sunflower: 100 available
Lily: 100 available
Daisy: 100 available
Orchid: 100 available
Peony: 90 available
Carnation: 100 available
