Peony: 100 available
Please enter a legal number.
Cart is empty.
Peony: 100 available
Collect successful.
Out of range.
===Receipt===
1. Peony: 50
===Inventory===
Rose: 100 available
Tulip: 100 available
Sunflower: 100 available
Lily: 100 available
Daisy: 100 available
Orchid: 100 available
Peony: 50 available
Carnation: 100 available
