Lily: 100 available
Collect successful.
Daisy: 100 available
Collect successful.
1. Lily: 20
2. Daisy: 30
Delete successful.
1. Daisy: 30
Lily: 100 available
Collect successful.
1. Daisy: 30
2. Lily: 10
===Receipt===
1. Daisy: 30
2. Lily: 10
===Inventory===
Rose: 100 available
Tulip: 100 available
Sunflower: 100 available
Lily: 90 available
Daisy: 70 available
Orchid: 100 available
Peony: 100 available
Carnation: 100 available
