Orchid: 100 available
Collect successful.
1. Orchid: 5
Orchid: 95 available
Collect successful.
1. Orchid: 10
Orchid: 90 available
Collect successful.
===Receipt===
1. Orchid: 15
===Inventory===
Rose: 100 available
Tulip: 100 available
Sunflower: 100 available
Lily: 100 available
Daisy: 100 available
Orchid: 85 available
Peony: 100 available
Carnation: 100 available
